<html>
<body>
<pre>
<h1>µVision Build Log</h1>
<h2>Tool Versions:</h2>
IDE-Version: µVision V5.25.2.0
Copyright (C) 2018 ARM Ltd and ARM Germany GmbH. All rights reserved.
License Information: Rustam Snow, Ýëêîì, LIC=----
 
Tool Versions:
Toolchain:       MDK-Lite  Version: 5.25.2.0
Toolchain Path:  C:\Keil_v5\ARM\ARMCC\Bin
C Compiler:      Armcc.exe V5.06 update 6 (build 750)
Assembler:       Armasm.exe V5.06 update 6 (build 750)
Linker/Locator:  ArmLink.exe V5.06 update 6 (build 750)
Library Manager: ArmAr.exe V5.06 update 6 (build 750)
Hex Converter:   FromElf.exe V5.06 update 6 (build 750)
CPU DLL:         SARMCM3.DLL V5.25.2.0
Dialog DLL:      DCM.DLL V1.17.1.0
Target DLL:      STLink\ST-LINKIII-KEIL_SWO.dll V3.0.1.0
Dialog DLL:      TCM.DLL V1.35.1.0
 
<h2>Project:</h2>
C:\Users\user\Desktop\project\Pistolet\workspace\shim.uvprojx
Project File Date:  09/17/2018

<h2>Output:</h2>
*** Using Compiler 'V5.06 update 6 (build 750)', folder: 'C:\Keil_v5\ARM\ARMCC\Bin'
Build target 'Shim'
compiling main.c...
.\Code\inc\buttons.h(20): warning:  #1-D: last line of file ends without a newline
  #endif
.\Code\inc\kurok.h(16): warning:  #1-D: last line of file ends without a newline
  #endif
.\Code\inc\SA1_1.h(14): warning:  #1-D: last line of file ends without a newline
  #endif
.\Code\inc\SA2_0.h(16): warning:  #1-D: last line of file ends without a newline
  #endif
.\Code\inc\SA2_1.h(16): warning:  #1-D: last line of file ends without a newline
  #endif
Code\src\main.c(71): warning:  #550-D: variable "Mode_new"  was set but never used
  		uint8_t Mode_new = 0;
Code\src\main.c(73): warning:  #177-D: variable "puli"  was declared but never referenced
  		uint8_t puli=3;
Code\src\main.c(74): warning:  #177-D: variable "net_patronov"  was declared but never referenced
  		uint8_t net_patronov=0;
Code\src\main.c(154): warning:  #1-D: last line of file ends without a newline
  		}*/		
Code\src\main.c: 9 warnings, 0 errors
compiling buttons.c...
.\Code\inc\buttons.h(20): warning:  #1-D: last line of file ends without a newline
  #endif
.\Code\inc\kurok.h(16): warning:  #1-D: last line of file ends without a newline
  #endif
.\Code\inc\SA1_1.h(14): warning:  #1-D: last line of file ends without a newline
  #endif
.\Code\inc\SA2_0.h(16): warning:  #1-D: last line of file ends without a newline
  #endif
.\Code\inc\SA2_1.h(16): warning:  #1-D: last line of file ends without a newline
  #endif
.\Code\inc\buttons.h(20): warning:  #1-D: last line of file ends without a newline
  #endif
Code\src\buttons.c(195): warning:  #1-D: last line of file ends without a newline
  			
Code\src\buttons.c: 7 warnings, 0 errors
linking...
Program Size: Code=2404 RO-data=424 RW-data=52 ZI-data=1636  
FromELF: creating hex file...
".\Objects\shim.axf" - 0 Error(s), 16 Warning(s).

<h2>Software Packages used:</h2>

Package Vendor: Keil
                http://www.keil.com/pack/Keil.STM32F3xx_DFP.2.1.0.pack
                Keil.STM32F3xx_DFP.2.1.0
                STMicroelectronics STM32F3 Series Device Support and Examples

<h2>Collection of Component include folders:</h2>
  .\RTE\_Shim
  C:\Keil_v5\ARM\PACK\Keil\STM32F3xx_DFP\2.1.0\Drivers\CMSIS\Device\ST\STM32F3xx\Include

<h2>Collection of Component Files used:</h2>
Build Time Elapsed:  00:00:01
</pre>
</body>
</html>
